{
    "1": [
        "Account",
        "\tBalance Sheet",
        "\t\tAssets",
        "\t\tEquity",
        "\t\tLiabilities",
        "\tIncome Statement",
        "\t\tExpense",
        "\t\tNet Income",
        "\t\tRevenue",
        "\t\t\tProduct Revenue",
        "\t\t\tServices Revenue"
    ],
    "13": [
        "Actuals"
    ],
    "16": [
        "All Departments",
        "\tGeneral & Administrative",
        "\t\tFinance & Accounting",
        "\t\tHuman Resources",
        "\t\tOperations",
        "\tMarketing",
        "\tProduct",
        "\t\tDesign",
        "\t\tEngineering"
    ],
    "9": [
        "Assets"
    ],
    "8": [
        "Balance Sheet",
        "\tAssets",
        "\tEquity",
        "\tLiabilities"
    ],
    "14": [
        "Budget"
    ],
    "15": [
        "Department",
        "\tAll Departments",
        "\t\tGeneral & Administrative",
        "\t\t\tFinance & Accounting",
        "\t\t\tHuman Resources",
        "\t\t\tOperations",
        "\t\tMarketing",
        "\t\tProduct",
        "\t\t\tDesign",
        "\t\t\tEngineering"
    ],
    "20": [
        "Design"
    ],
    "19": [
        "Engineering"
    ],
    "11": [
        "Equity"
    ],
    "6": [
        "Expense"
    ],
    "24": [
        "Finance & Accounting"
    ],
    "21": [
        "General & Administrative",
        "\tFinance & Accounting",
        "\tHuman Resources",
        "\tOperations"
    ],
    "23": [
        "Human Resources"
    ],
    "2": [
        "Income Statement",
        "\tExpense",
        "\tNet Income",
        "\tRevenue",
        "\t\tProduct Revenue",
        "\t\tServices Revenue"
    ],
    "10": [
        "Liabilities"
    ],
    "17": [
        "Marketing"
    ],
    "7": [
        "Net Income"
    ],
    "22": [
        "Operations"
    ],
    "18": [
        "Product",
        "\tDesign",
        "\tEngineering"
    ],
    "4": [
        "Product Revenue"
    ],
    "3": [
        "Revenue",
        "\tProduct Revenue",
        "\tServices Revenue"
    ],
    "12": [
        "Scenario",
        "\tActuals",
        "\tBudget"
    ],
    "5": [
        "Services Revenue"
    ]
}